In file included from /Users/erik/Library/Arduino15/internal/esp32_esp32s3-libs_3.3.7_9c1cf9ed01df9182/include/arduino_tinyusb/tinyusb/src/tusb.h:59,
                 from /Users/erik/Library/Arduino15/internal/esp32_esp32_3.3.7_891d8830c3f6b4b5/cores/esp32/esp32-hal-tinyusb.h:27,
                 from /Users/erik/Library/Arduino15/internal/esp32_esp32_3.3.7_891d8830c3f6b4b5/cores/esp32/USBMSC.cpp:20:
/Users/erik/Library/Arduino15/internal/esp32_esp32s3-libs_3.3.7_9c1cf9ed01df9182/include/arduino_tinyusb/tinyusb/src/class/cdc/cdc_host.h: In function 'bool tuh_cdc_set_dtr(uint8_t, bool, tuh_xfer_cb_t, uintptr_t)':
/Users/erik/Library/Arduino15/internal/esp32_esp32s3-libs_3.3.7_9c1cf9ed01df9182/include/arduino_tinyusb/tinyusb/src/class/cdc/cdc_host.h:154:58: warning: missing initializer for member 'cdc_line_control_state_t::<unnamed struct>::rts' [-Wmissing-field-initializers]
  154 |   cdc_line_control_state_t line_state = {.dtr = dtr_state};
      |                                                          ^
/Users/erik/Library/Arduino15/internal/esp32_esp32s3-libs_3.3.7_9c1cf9ed01df9182/include/arduino_tinyusb/tinyusb/src/class/cdc/cdc_host.h: In function 'bool tuh_cdc_set_rts(uint8_t, bool, tuh_xfer_cb_t, uintptr_t)':
/Users/erik/Library/Arduino15/internal/esp32_esp32s3-libs_3.3.7_9c1cf9ed01df9182/include/arduino_tinyusb/tinyusb/src/class/cdc/cdc_host.h:162:58: warning: missing initializer for member 'cdc_line_control_state_t::<unnamed struct>::dtr' [-Wmissing-field-initializers]
  162 |   cdc_line_control_state_t line_state = {.rts = rts_state};
      |                                                          ^
In file included from /Users/erik/Library/Arduino15/internal/esp32_esp32s3-libs_3.3.7_9c1cf9ed01df9182/include/arduino_tinyusb/tinyusb/src/tusb.h:59,
                 from /Users/erik/Library/Arduino15/internal/esp32_esp32_3.3.7_891d8830c3f6b4b5/cores/esp32/esp32-hal-tinyusb.h:27,
                 from /Users/erik/Library/Arduino15/internal/esp32_esp32_3.3.7_891d8830c3f6b4b5/cores/esp32/USBCDC.cpp:21:
/Users/erik/Library/Arduino15/internal/esp32_esp32s3-libs_3.3.7_9c1cf9ed01df9182/include/arduino_tinyusb/tinyusb/src/class/cdc/cdc_host.h: In function 'bool tuh_cdc_set_dtr(uint8_t, bool, tuh_xfer_cb_t, uintptr_t)':
/Users/erik/Library/Arduino15/internal/esp32_esp32s3-libs_3.3.7_9c1cf9ed01df9182/include/arduino_tinyusb/tinyusb/src/class/cdc/cdc_host.h:154:58: warning: missing initializer for member 'cdc_line_control_state_t::<unnamed struct>::rts' [-Wmissing-field-initializers]
  154 |   cdc_line_control_state_t line_state = {.dtr = dtr_state};
      |                                                          ^
/Users/erik/Library/Arduino15/internal/esp32_esp32s3-libs_3.3.7_9c1cf9ed01df9182/include/arduino_tinyusb/tinyusb/src/class/cdc/cdc_host.h: In function 'bool tuh_cdc_set_rts(uint8_t, bool, tuh_xfer_cb_t, uintptr_t)':
/Users/erik/Library/Arduino15/internal/esp32_esp32s3-libs_3.3.7_9c1cf9ed01df9182/include/arduino_tinyusb/tinyusb/src/class/cdc/cdc_host.h:162:58: warning: missing initializer for member 'cdc_line_control_state_t::<unnamed struct>::dtr' [-Wmissing-field-initializers]
  162 |   cdc_line_control_state_t line_state = {.rts = rts_state};
      |                                                          ^
In file included from /Users/erik/Library/Arduino15/internal/esp32_esp32s3-libs_3.3.7_9c1cf9ed01df9182/include/arduino_tinyusb/tinyusb/src/tusb.h:59,
                 from /Users/erik/Library/Arduino15/internal/esp32_esp32_3.3.7_891d8830c3f6b4b5/cores/esp32/esp32-hal-tinyusb.h:27,
                 from /Users/erik/Library/Arduino15/internal/esp32_esp32_3.3.7_891d8830c3f6b4b5/cores/esp32/USB.cpp:22:
/Users/erik/Library/Arduino15/internal/esp32_esp32s3-libs_3.3.7_9c1cf9ed01df9182/include/arduino_tinyusb/tinyusb/src/class/cdc/cdc_host.h: In function 'bool tuh_cdc_set_dtr(uint8_t, bool, tuh_xfer_cb_t, uintptr_t)':
/Users/erik/Library/Arduino15/internal/esp32_esp32s3-libs_3.3.7_9c1cf9ed01df9182/include/arduino_tinyusb/tinyusb/src/class/cdc/cdc_host.h:154:58: warning: missing initializer for member 'cdc_line_control_state_t::<unnamed struct>::rts' [-Wmissing-field-initializers]
  154 |   cdc_line_control_state_t line_state = {.dtr = dtr_state};
      |                                                          ^
/Users/erik/Library/Arduino15/internal/esp32_esp32s3-libs_3.3.7_9c1cf9ed01df9182/include/arduino_tinyusb/tinyusb/src/class/cdc/cdc_host.h: In function 'bool tuh_cdc_set_rts(uint8_t, bool, tuh_xfer_cb_t, uintptr_t)':
/Users/erik/Library/Arduino15/internal/esp32_esp32s3-libs_3.3.7_9c1cf9ed01df9182/include/arduino_tinyusb/tinyusb/src/class/cdc/cdc_host.h:162:58: warning: missing initializer for member 'cdc_line_control_state_t::<unnamed struct>::dtr' [-Wmissing-field-initializers]
  162 |   cdc_line_control_state_t line_state = {.rts = rts_state};
      |                                                          ^
In file included from /Users/erik/Library/Arduino15/internal/esp32_esp32s3-libs_3.3.7_9c1cf9ed01df9182/include/hal/esp32s3/include/hal/spi_flash_ll.h:17,
                 from /Users/erik/Library/Arduino15/internal/esp32_esp32_3.3.7_891d8830c3f6b4b5/cores/esp32/Esp.cpp:41:
/Users/erik/Library/Arduino15/internal/esp32_esp32s3-libs_3.3.7_9c1cf9ed01df9182/include/hal/esp32s3/include/hal/gpspi_flash_ll.h: In function 'void gpspi_flash_ll_read_phase(spi_dev_t*)':
/Users/erik/Library/Arduino15/internal/esp32_esp32s3-libs_3.3.7_9c1cf9ed01df9182/include/hal/esp32s3/include/hal/gpspi_flash_ll.h:191:5: warning: missing initializer for member 'spi_dev_s::<unnamed union>::<unnamed struct>::doutdin' [-Wmissing-field-initializers]
  191 |     };
      |     ^
/Users/erik/Library/Arduino15/internal/esp32_esp32s3-libs_3.3.7_9c1cf9ed01df9182/include/hal/esp32s3/include/hal/gpspi_flash_ll.h:191:5: warning: missing initializer for member 'spi_dev_s::<unnamed union>::<unnamed struct>::reserved1' [-Wmissing-field-initializers]
/Users/erik/Library/Arduino15/internal/esp32_esp32s3-libs_3.3.7_9c1cf9ed01df9182/include/hal/esp32s3/include/hal/gpspi_flash_ll.h:191:5: warning: missing initializer for member 'spi_dev_s::<unnamed union>::<unnamed struct>::qpi_mode' [-Wmissing-field-initializers]
/Users/erik/Library/Arduino15/internal/esp32_esp32s3-libs_3.3.7_9c1cf9ed01df9182/include/hal/esp32s3/include/hal/gpspi_flash_ll.h:191:5: warning: missing initializer for member 'spi_dev_s::<unnamed union>::<unnamed struct>::opi_mode' [-Wmissing-field-initializers]
/Users/erik/Library/Arduino15/internal/esp32_esp32s3-libs_3.3.7_9c1cf9ed01df9182/include/hal/esp32s3/include/hal/gpspi_flash_ll.h:191:5: warning: missing initializer for member 'spi_dev_s::<unnamed union>::<unnamed struct>::tsck_i_edge' [-Wmissing-field-initializers]
/Users/erik/Library/Arduino15/internal/esp32_esp32s3-libs_3.3.7_9c1cf9ed01df9182/include/hal/esp32s3/include/hal/gpspi_flash_ll.h:191:5: warning: missing initializer for member 'spi_dev_s::<unnamed union>::<unnamed struct>::cs_hold' [-Wmissing-field-initializers]
/Users/erik/Library/Arduino15/internal/esp32_esp32s3-libs_3.3.7_9c1cf9ed01df9182/include/hal/esp32s3/include/hal/gpspi_flash_ll.h:191:5: warning: missing initializer for member 'spi_dev_s::<unnamed union>::<unnamed struct>::cs_setup' [-Wmissing-field-initializers]
/Users/erik/Library/Arduino15/internal/esp32_esp32s3-libs_3.3.7_9c1cf9ed01df9182/include/hal/esp32s3/include/hal/gpspi_flash_ll.h:191:5: warning: missing initializer for member 'spi_dev_s::<unnamed union>::<unnamed struct>::rsck_i_edge' [-Wmissing-field-initializers]
/Users/erik/Library/Arduino15/internal/esp32_esp32s3-libs_3.3.7_9c1cf9ed01df9182/include/hal/esp32s3/include/hal/gpspi_flash_ll.h:191:5: warning: missing initializer for member 'spi_dev_s::<unnamed union>::<unnamed struct>::ck_out_edge' [-Wmissing-field-initializers]
/Users/erik/Library/Arduino15/internal/esp32_esp32s3-libs_3.3.7_9c1cf9ed01df9182/include/hal/esp32s3/include/hal/gpspi_flash_ll.h:191:5: warning: missing initializer for member 'spi_dev_s::<unnamed union>::<unnamed struct>::reserved10' [-Wmissing-field-initializers]
/Users/erik/Library/Arduino15/internal/esp32_esp32s3-libs_3.3.7_9c1cf9ed01df9182/include/hal/esp32s3/include/hal/gpspi_flash_ll.h:191:5: warning: missing initializer for member 'spi_dev_s::<unnamed union>::<unnamed struct>::fwrite_dual' [-Wmissing-field-initializers]
/Users/erik/Library/Arduino15/internal/esp32_esp32s3-libs_3.3.7_9c1cf9ed01df9182/include/hal/esp32s3/include/hal/gpspi_flash_ll.h:191:5: warning: missing initializer for member 'spi_dev_s::<unnamed union>::<unnamed struct>::fwrite_quad' [-Wmissing-field-initializers]
/Users/erik/Library/Arduino15/internal/esp32_esp32s3-libs_3.3.7_9c1cf9ed01df9182/include/hal/esp32s3/include/hal/gpspi_flash_ll.h:191:5: warning: missing initializer for member 'spi_dev_s::<unnamed union>::<unnamed struct>::fwrite_oct' [-Wmissing-field-initializers]
/Users/erik/Library/Arduino15/internal/esp32_esp32s3-libs_3.3.7_9c1cf9ed01df9182/include/hal/esp32s3/include/hal/gpspi_flash_ll.h:191:5: warning: missing initializer for member 'spi_dev_s::<unnamed union>::<unnamed struct>::usr_conf_nxt' [-Wmissing-field-initializers]
/Users/erik/Library/Arduino15/internal/esp32_esp32s3-libs_3.3.7_9c1cf9ed01df9182/include/hal/esp32s3/include/hal/gpspi_flash_ll.h:191:5: warning: missing initializer for member 'spi_dev_s::<unnamed union>::<unnamed struct>::reserved16' [-Wmissing-field-initializers]
/Users/erik/Library/Arduino15/internal/esp32_esp32s3-libs_3.3.7_9c1cf9ed01df9182/include/hal/esp32s3/include/hal/gpspi_flash_ll.h:191:5: warning: missing initializer for member 'spi_dev_s::<unnamed union>::<unnamed struct>::sio' [-Wmissing-field-initializers]
/Users/erik/Library/Arduino15/internal/esp32_esp32s3-libs_3.3.7_9c1cf9ed01df9182/include/hal/esp32s3/include/hal/gpspi_flash_ll.h:191:5: warning: missing initializer for member 'spi_dev_s::<unnamed union>::<unnamed struct>::reserved18' [-Wmissing-field-initializers]
/Users/erik/Library/Arduino15/internal/esp32_esp32s3-libs_3.3.7_9c1cf9ed01df9182/include/hal/esp32s3/include/hal/gpspi_flash_ll.h:191:5: warning: missing initializer for member 'spi_dev_s::<unnamed union>::<unnamed struct>::usr_miso_highpart' [-Wmissing-field-initializers]
/Users/erik/Library/Arduino15/internal/esp32_esp32s3-libs_3.3.7_9c1cf9ed01df9182/include/hal/esp32s3/include/hal/gpspi_flash_ll.h:191:5: warning: missing initializer for member 'spi_dev_s::<unnamed union>::<unnamed struct>::usr_mosi_highpart' [-Wmissing-field-initializers]
/Users/erik/Library/Arduino15/internal/esp32_esp32s3-libs_3.3.7_9c1cf9ed01df9182/include/hal/esp32s3/include/hal/gpspi_flash_ll.h:191:5: warning: missing initializer for member 'spi_dev_s::<unnamed union>::<unnamed struct>::usr_dummy_idle' [-Wmissing-field-initializers]
/Users/erik/Library/Arduino15/internal/esp32_esp32s3-libs_3.3.7_9c1cf9ed01df9182/include/hal/esp32s3/include/hal/gpspi_flash_ll.h:191:5: warning: missing initializer for member 'spi_dev_s::<unnamed union>::<unnamed struct>::usr_dummy' [-Wmissing-field-initializers]
/Users/erik/Library/Arduino15/internal/esp32_esp32s3-libs_3.3.7_9c1cf9ed01df9182/include/hal/esp32s3/include/hal/gpspi_flash_ll.h: In function 'void gpspi_flash_ll_set_command(spi_dev_t*, uint8_t, uint32_t)':
/Users/erik/Library/Arduino15/internal/esp32_esp32s3-libs_3.3.7_9c1cf9ed01df9182/include/hal/esp32s3/include/hal/gpspi_flash_ll.h:309:5: warning: missing initializer for member 'spi_dev_s::<unnamed union>::<unnamed struct>::reserved16' [-Wmissing-field-initializers]
  309 |     };
      |     ^
/Users/erik/Library/Arduino15/internal/esp32_esp32s3-libs_3.3.7_9c1cf9ed01df9182/include/hal/esp32s3/include/hal/gpspi_flash_ll.h:309:5: warning: missing initializer for member 'spi_dev_s::<unnamed union>::<unnamed struct>::mst_rempty_err_end_en' [-Wmissing-field-initializers]
In file included from /Users/erik/Library/Arduino15/internal/esp32_esp32s3-libs_3.3.7_9c1cf9ed01df9182/include/hal/esp32s3/include/hal/spi_flash_ll.h:18:
/Users/erik/Library/Arduino15/internal/esp32_esp32s3-libs_3.3.7_9c1cf9ed01df9182/include/hal/esp32s3/include/hal/spimem_flash_ll.h: In function 'void spimem_flash_ll_read_phase(spi_mem_dev_t*)':
/Users/erik/Library/Arduino15/internal/esp32_esp32s3-libs_3.3.7_9c1cf9ed01df9182/include/hal/esp32s3/include/hal/spimem_flash_ll.h:425:5: warning: missing initializer for member 'spi_mem_dev_s::<unnamed union>::<unnamed struct>::reserved0' [-Wmissing-field-initializers]
  425 |     };
      |     ^
/Users/erik/Library/Arduino15/internal/esp32_esp32s3-libs_3.3.7_9c1cf9ed01df9182/include/hal/esp32s3/include/hal/spimem_flash_ll.h:425:5: warning: missing initializer for member 'spi_mem_dev_s::<unnamed union>::<unnamed struct>::cs_hold' [-Wmissing-field-initializers]
/Users/erik/Library/Arduino15/internal/esp32_esp32s3-libs_3.3.7_9c1cf9ed01df9182/include/hal/esp32s3/include/hal/spimem_flash_ll.h:425:5: warning: missing initializer for member 'spi_mem_dev_s::<unnamed union>::<unnamed struct>::cs_setup' [-Wmissing-field-initializers]
/Users/erik/Library/Arduino15/internal/esp32_esp32s3-libs_3.3.7_9c1cf9ed01df9182/include/hal/esp32s3/include/hal/spimem_flash_ll.h:425:5: warning: missing initializer for member 'spi_mem_dev_s::<unnamed union>::<unnamed struct>::reserved8' [-Wmissing-field-initializers]
/Users/erik/Library/Arduino15/internal/esp32_esp32s3-libs_3.3.7_9c1cf9ed01df9182/include/hal/esp32s3/include/hal/spimem_flash_ll.h:425:5: warning: missing initializer for member 'spi_mem_dev_s::<unnamed union>::<unnamed struct>::ck_out_edge' [-Wmissing-field-initializers]
/Users/erik/Library/Arduino15/internal/esp32_esp32s3-libs_3.3.7_9c1cf9ed01df9182/include/hal/esp32s3/include/hal/spimem_flash_ll.h:425:5: warning: missing initializer for member 'spi_mem_dev_s::<unnamed union>::<unnamed struct>::reserved10' [-Wmissing-field-initializers]
/Users/erik/Library/Arduino15/internal/esp32_esp32s3-libs_3.3.7_9c1cf9ed01df9182/include/hal/esp32s3/include/hal/spimem_flash_ll.h:425:5: warning: missing initializer for member 'spi_mem_dev_s::<unnamed union>::<unnamed struct>::fwrite_dual' [-Wmissing-field-initializers]
/Users/erik/Library/Arduino15/internal/esp32_esp32s3-libs_3.3.7_9c1cf9ed01df9182/include/hal/esp32s3/include/hal/spimem_flash_ll.h:425:5: warning: missing initializer for member 'spi_mem_dev_s::<unnamed union>::<unnamed struct>::fwrite_quad' [-Wmissing-field-initializers]
/Users/erik/Library/Arduino15/internal/esp32_esp32s3-libs_3.3.7_9c1cf9ed01df9182/include/hal/esp32s3/include/hal/spimem_flash_ll.h:425:5: warning: missing initializer for member 'spi_mem_dev_s::<unnamed union>::<unnamed struct>::fwrite_dio' [-Wmissing-field-initializers]
/Users/erik/Library/Arduino15/internal/esp32_esp32s3-libs_3.3.7_9c1cf9ed01df9182/include/hal/esp32s3/include/hal/spimem_flash_ll.h:425:5: warning: missing initializer for member 'spi_mem_dev_s::<unnamed union>::<unnamed struct>::fwrite_qio' [-Wmissing-field-initializers]
/Users/erik/Library/Arduino15/internal/esp32_esp32s3-libs_3.3.7_9c1cf9ed01df9182/include/hal/esp32s3/include/hal/spimem_flash_ll.h:425:5: warning: missing initializer for member 'spi_mem_dev_s::<unnamed union>::<unnamed struct>::reserved16' [-Wmissing-field-initializers]
/Users/erik/Library/Arduino15/internal/esp32_esp32s3-libs_3.3.7_9c1cf9ed01df9182/include/hal/esp32s3/include/hal/spimem_flash_ll.h:425:5: warning: missing initializer for member 'spi_mem_dev_s::<unnamed union>::<unnamed struct>::usr_miso_highpart' [-Wmissing-field-initializers]
/Users/erik/Library/Arduino15/internal/esp32_esp32s3-libs_3.3.7_9c1cf9ed01df9182/include/hal/esp32s3/include/hal/spimem_flash_ll.h:425:5: warning: missing initializer for member 'spi_mem_dev_s::<unnamed union>::<unnamed struct>::usr_mosi_highpart' [-Wmissing-field-initializers]
/Users/erik/Library/Arduino15/internal/esp32_esp32s3-libs_3.3.7_9c1cf9ed01df9182/include/hal/esp32s3/include/hal/spimem_flash_ll.h:425:5: warning: missing initializer for member 'spi_mem_dev_s::<unnamed union>::<unnamed struct>::usr_dummy_idle' [-Wmissing-field-initializers]
/Users/erik/Library/Arduino15/internal/esp32_esp32s3-libs_3.3.7_9c1cf9ed01df9182/include/hal/esp32s3/include/hal/spimem_flash_ll.h:425:5: warning: missing initializer for member 'spi_mem_dev_s::<unnamed union>::<unnamed struct>::usr_dummy' [-Wmissing-field-initializers]
Sketch uses 322060 bytes (10%) of program storage space. Maximum is 3145728 bytes.
Global variables use 25496 bytes (7%) of dynamic memory, leaving 302184 bytes for local variables. Maximum is 327680 bytes.
