esptool v5.1.0
Image size: 322208 bytes
Detected image type: ESP32-S3

ESP32-S3 Image Header
=====================
Image version: 1
Entry point: 0x40375bb0
Segments: 6
Flash size: 16MB
Flash freq: 80m
Flash mode: DIO

ESP32-S3 Extended Image Header
==============================
WP pin: 0xee (disabled)
Flash pins drive settings: clk_drv: 0x0, q_drv: 0x0, d_drv: 0x0, cs0_drv: 0x0, hd_drv: 0x0, wp_drv: 0x0
Chip ID: 9 (ESP32-S3)
Minimal chip revision: v0.0, (legacy min_rev = 0)
Maximal chip revision: v655.35

Segments Information
====================
Segment   Length   Load addr   File offs  Memory types
-------  -------  ----------  ----------  ------------
      0  0x138c8  0x3c030020  0x00000018  DROM
      1  0x03968  0x3fc94a00  0x000138e8  BYTE_ACCESSIBLE, MEM_INTERNAL, DRAM
      2  0x08db8  0x40374000  0x00017258  MEM_INTERNAL, IRAM
      3  0x26e68  0x42000020  0x00020018  IROM
      4  0x07bc0  0x4037cdb8  0x00046e88  MEM_INTERNAL, IRAM
      5  0x00020  0x50000200  0x0004ea50  RTC_DATA

ESP32-S3 Image Footer
=====================
Checksum: 0x38 (valid)
Validation hash: 2bc129b1d85cc100ed77c36aa555d529132147955b90c097fb4d174da3779bd5 (valid)

Application Information
=======================
Project name: arduino-lib-builder
App version: 8cabf2c
Compile time: Feb 11 2026 19:50:46
ELF file SHA256: 6a4752c830570cca9f02bee044d5f4bdcb3cfd42d2f3e3c94e384a07012bd8c9
ESP-IDF: v5.5.2-729-g87912cd291
Minimal eFuse block revision: 0.0
Maximal eFuse block revision: 1.99
MMU page size: 64 KB
Secure version: 0
