========== validate: alec-controls ==========
{
  "board": "alec-controls",
  "checks": [
    {
      "category": "required_components",
      "status": "pass",
      "violations": [],
      "summary": "5/5 components present"
    },
    {
      "category": "required_nets",
      "status": "pass",
      "violations": [],
      "summary": "6/6 nets present"
    },
    {
      "category": "bom_rules",
      "status": "pass",
      "violations": [],
      "summary": "footprints required; no duplicate refs"
    }
  ],
  "total_violations": 0,
  "passed": true
}
========== validate: alec-front ==========
{
  "board": "alec-front",
  "checks": [
    {
      "category": "required_components",
      "status": "pass",
      "violations": [],
      "summary": "3/3 components present"
    },
    {
      "category": "required_nets",
      "status": "pass",
      "violations": [],
      "summary": "6/6 nets present"
    },
    {
      "category": "bom_rules",
      "status": "pass",
      "violations": [],
      "summary": "footprints required; no duplicate refs"
    }
  ],
  "total_violations": 0,
  "passed": true
}
========== validate: alec-main ==========
{
  "board": "alec-main",
  "checks": [
    {
      "category": "required_components",
      "status": "pass",
      "violations": [],
      "summary": "101/101 components present"
    },
    {
      "category": "required_nets",
      "status": "pass",
      "violations": [],
      "summary": "25/25 nets present"
    },
    {
      "category": "capacitor_budget",
      "status": "pass",
      "violations": [],
      "summary": "input_u1: 30\u00b5F (min 20\u00b5F); input_u2: 30\u00b5F (min 20\u00b5F); output_3v3: 198\u00b5F (min 60\u00b5F); output_5v: 186\u00b5F (min 150\u00b5F); decoupling: C4, C12, C18, C20, C28, C29, C30, C32, C33"
    },
    {
      "category": "voltage_dividers",
      "status": "pass",
      "violations": [],
      "summary": ""
    },
    {
      "category": "bom_rules",
      "status": "pass",
      "violations": [],
      "summary": "footprints required; no duplicate refs; datasheets on U1, U2, U3, U4, U5, U6, U7, U8, Q1, Q2, Q3, Q4, Q5, Q6, Q7, L1, L2"
    }
  ],
  "total_violations": 0,
  "passed": true
}
skip: alec-sensor (no checks.yml)
========== validate: esp32s3-devkit-5v ==========
{
  "board": "esp32s3-devkit-5v",
  "checks": [
    {
      "category": "required_components",
      "status": "pass",
      "violations": [],
      "summary": "100/100 components present"
    },
    {
      "category": "required_nets",
      "status": "pass",
      "violations": [],
      "summary": "25/25 nets present"
    },
    {
      "category": "capacitor_budget",
      "status": "pass",
      "violations": [],
      "summary": "input_u1: 30\u00b5F (min 20\u00b5F); input_u2: 30\u00b5F (min 20\u00b5F); output_3v3: 198\u00b5F (min 60\u00b5F); output_5v: 186\u00b5F (min 150\u00b5F); decoupling: C4, C12, C18, C20, C28, C29, C30, C32, C33"
    },
    {
      "category": "voltage_dividers",
      "status": "pass",
      "violations": [],
      "summary": ""
    },
    {
      "category": "bom_rules",
      "status": "pass",
      "violations": [],
      "summary": "footprints required; no duplicate refs; datasheets on U1, U2, U3, U4, U5, U6, U7, U8, Q1, Q2, Q3, Q4, Q5, Q6, Q7, L1, L2"
    }
  ],
  "total_violations": 0,
  "passed": true
}
========== validate: esp32s3-devkit ==========
{
  "board": "esp32s3-devkit",
  "checks": [
    {
      "category": "required_components",
      "status": "pass",
      "violations": [],
      "summary": "31/31 components present"
    },
    {
      "category": "required_nets",
      "status": "pass",
      "violations": [],
      "summary": "7/7 nets present"
    },
    {
      "category": "capacitor_budget",
      "status": "pass",
      "violations": [],
      "summary": "input: 30\u00b5F (min 20\u00b5F); output: 98\u00b5F (min 60\u00b5F); decoupling: C4, C10"
    },
    {
      "category": "voltage_divider",
      "status": "pass",
      "violations": [],
      "summary": "V_OUT = 3.307V (target 3.3V, 0.20% error) \u2014 R3=470k\u03a9, R4=150k\u03a9, V_REF=0.8V"
    },
    {
      "category": "bom_rules",
      "status": "pass",
      "violations": [],
      "summary": "footprints required; no duplicate refs; datasheets on U1"
    }
  ],
  "total_violations": 0,
  "passed": true
}
========== validate: tps63070-breakout ==========
{
  "board": "tps63070-breakout",
  "checks": [
    {
      "category": "required_components",
      "status": "pass",
      "violations": [],
      "summary": "15/15 components present"
    },
    {
      "category": "required_nets",
      "status": "pass",
      "violations": [],
      "summary": "3/3 nets present"
    },
    {
      "category": "capacitor_budget",
      "status": "pass",
      "violations": [],
      "summary": "input: 30\u00b5F (min 20\u00b5F); output: 76\u00b5F (min 60\u00b5F); decoupling: C4"
    },
    {
      "category": "voltage_divider",
      "status": "pass",
      "violations": [],
      "summary": "V_OUT = 3.307V (target 3.3V, 0.20% error) \u2014 R2=470k\u03a9, R3=150k\u03a9, V_REF=0.8V"
    },
    {
      "category": "bom_rules",
      "status": "pass",
      "violations": [],
      "summary": "footprints required; no duplicate refs; datasheets on U1"
    }
  ],
  "total_violations": 0,
  "passed": true
}
validate-all: all boards passed.
