./src/common/stdpbase.cpp(59): assert ""traits"" failed in Get(): create wxApp before calling this
03:29:55 PM: Debug: Adding duplicate image handler for 'PNG file'
03:29:55 PM: Debug: Adding duplicate image handler for 'JPEG file'
03:29:55 PM: Debug: Adding duplicate image handler for 'TIFF file'
03:29:55 PM: Debug: Adding duplicate image handler for 'GIF file'
03:29:55 PM: Debug: Adding duplicate image handler for 'PNM file'
03:29:55 PM: Debug: Adding duplicate image handler for 'PCX file'
03:29:55 PM: Debug: Adding duplicate image handler for 'IFF file'
03:29:55 PM: Debug: Adding duplicate image handler for 'Windows icon file'
03:29:55 PM: Debug: Adding duplicate image handler for 'Windows cursor file'
03:29:55 PM: Debug: Adding duplicate image handler for 'Windows animated cursor file'
03:29:55 PM: Debug: Adding duplicate image handler for 'TGA file'
03:29:55 PM: Debug: Adding duplicate image handler for 'XPM file'
03:29:55 PM: Debug: Adding duplicate image handler for 'PNG file'
03:29:55 PM: Debug: Adding duplicate image handler for 'JPEG file'
03:29:55 PM: Debug: Adding duplicate image handler for 'TIFF file'
03:29:55 PM: Debug: Adding duplicate image handler for 'GIF file'
03:29:55 PM: Debug: Adding duplicate image handler for 'PNM file'
03:29:55 PM: Debug: Adding duplicate image handler for 'PCX file'
03:29:55 PM: Debug: Adding duplicate image handler for 'IFF file'
03:29:55 PM: Debug: Adding duplicate image handler for 'Windows icon file'
03:29:55 PM: Debug: Adding duplicate image handler for 'Windows cursor file'
03:29:55 PM: Debug: Adding duplicate image handler for 'Windows animated cursor file'
03:29:55 PM: Debug: Adding duplicate image handler for 'TGA file'
03:29:55 PM: Debug: Adding duplicate image handler for 'XPM file'
03:29:55 PM: Debug: Adding duplicate image handler for 'PNG file'
03:29:55 PM: Debug: Adding duplicate image handler for 'JPEG file'
03:29:55 PM: Debug: Adding duplicate image handler for 'TIFF file'
03:29:55 PM: Debug: Adding duplicate image handler for 'GIF file'
03:29:55 PM: Debug: Adding duplicate image handler for 'PNM file'
03:29:55 PM: Debug: Adding duplicate image handler for 'PCX file'
03:29:55 PM: Debug: Adding duplicate image handler for 'IFF file'
03:29:55 PM: Debug: Adding duplicate image handler for 'Windows icon file'
03:29:55 PM: Debug: Adding duplicate image handler for 'Windows cursor file'
03:29:55 PM: Debug: Adding duplicate image handler for 'Windows animated cursor file'
03:29:55 PM: Debug: Adding duplicate image handler for 'TGA file'
03:29:55 PM: Debug: Adding duplicate image handler for 'XPM file'
153 layout guards passed
